// Jest Snapshot v1, https://goo.gl/fbAQLP

exports[`DrawerHiddenMenu should renders as expected 1`] = `
<div>
  <withStyles(List)
    onClick={[Function]}
  >
    <DrawerMenuItem
      key="hidden_testItem1"
      label="testItem1"
    />
  </withStyles(List)>
  <withStyles(Divider) />
</div>
`;
